..F                                                                      [100%]
=================================== FAILURES ===================================
__________________ test_depth_invariant_under_transformations __________________

    def test_depth_invariant_under_transformations():
        entity_map = {"a": "E1", "b": "E2", "c": "E3", "d": "E4"}
        pred_map = {p: f"P_{p}" for p in
                    ("p", "q", "z", "r", "m", "a", "b", "c", "d", "n", "u", "v")}
    
        def checks(world, query, expected):
            def apply(name):
                if name == "reversed":
                    w, q = world[::-1], query
                elif name == "twin_swap":
                    w, q = _swap_twin_premises(world), query
                elif name == "entities":
                    w, q = _rename_entities(world, query, entity_map)
                elif name == "predicates":
                    w, q = _rename_predicates(world, query, pred_map)
                elif name == "rule_vars":
                    w, q = _rename_rule_vars(world), query
                got = run(w, q, c=100, d=100)
                if expected is None:
                    assert got is None, (name, got)
                else:
                    assert_is_int(got, expected)
                return w, q
    
            for name in ("reversed", "twin_swap", "entities", "predicates",
                         "rule_vars"):
                apply(name)
    
        checks(h5_world(), atom("z"), 2)
        h8 = h8_world()
        swapped_h8 = _swap_twin_premises(h8)
>       assert swapped_h8[-1].body == (h8[-1].body[1], h8[-1].body[0])
E       AssertionError: assert (Atom(pred='p...('?y', '?z'))) == (Atom(pred='p...('?x', '?y')))
E         
E         At index 0 diff: Atom(pred='p', args=('?x', '?y')) != Atom(pred='p', args=('?y', '?z'))
E         Use -v to get more diff

tests/test_depth.py:775: AssertionError
=========================== short test summary info ============================
FAILED tests/test_depth.py::test_depth_invariant_under_transformations - Asse...
1 failed, 2 passed in 0.16s
